
> racetrack-broadcast-system@1.0.0 start
> node server/index.js

🎥 Racetrack Broadcast System running on port 3001
📡 MediaMTX URL: http://localhost:8888
🌐 Admin Dashboard: http://localhost:3001
🔧 API Base URL: http://localhost:3001/api
🎛️  WebSocket: http://localhost:3001
Failed to discover existing streams: Request failed with status code 401
Camera Manager initialized
Scene Composer initialized
Stream Manager initialized
Audio mixer initialized
Commentary Manager initialized
2025-11-01T16:48:51.466Z - GET /api/cameras
2025-11-01T16:49:38.657Z - GET /api/streaming/streams
2025-11-01T16:49:38.658Z - GET /api/cameras
2025-11-01T16:49:38.658Z - GET /api/scenes
2025-11-01T16:49:38.660Z - GET /api/cameras
Client connected: 4xL70StR9Cs4trLJAAAE
Client connected: Pa-cBqZhPuVQRLpjAAAF
Client disconnected: 4xL70StR9Cs4trLJAAAE
Client disconnected: Pa-cBqZhPuVQRLpjAAAF
2025-11-01T17:03:23.197Z - GET /api/streaming/streams
2025-11-01T17:03:23.197Z - GET /api/cameras
2025-11-01T17:03:23.198Z - GET /api/cameras
2025-11-01T17:03:23.198Z - GET /api/scenes
Client connected: vSDkZjNZFPFcVaROAAAK
Client connected: MYE3nHRXif_ZxNT9AAAL
Client disconnected: vSDkZjNZFPFcVaROAAAK
SIGTERM received
Shutting down broadcast server...
All streams stopped
All commentary stopped
